Copyright 1986-2022 Xilinx, Inc. All Rights Reserved. Copyright 2022-2024 Advanced Micro Devices, Inc. All Rights Reserved.
---------------------------------------------------------------------------------------------------------------------------------------------
| Tool Version : Vivado v.2024.1 (win64) Build 5076996 Wed May 22 18:37:14 MDT 2024
| Date         : Tue May  6 08:58:43 2025
| Host         : GDESK-30 running 64-bit major release  (build 9200)
| Command      : report_control_sets -verbose -file first_person_second_row_top_control_sets_placed.rpt
| Design       : first_person_second_row_top
| Device       : xc7a100t
---------------------------------------------------------------------------------------------------------------------------------------------

Control Set Information

Table of Contents
-----------------
1. Summary
2. Histogram
3. Flip-Flop Distribution
4. Detailed Control Set Information

1. Summary
----------

+----------------------------------------------------------+-------+
|                          Status                          | Count |
+----------------------------------------------------------+-------+
| Total control sets                                       |    70 |
|    Minimum number of control sets                        |    70 |
|    Addition due to synthesis replication                 |     0 |
|    Addition due to physical synthesis replication        |     0 |
| Unused register locations in slices containing registers |   371 |
+----------------------------------------------------------+-------+
* Control sets can be merged at opt_design using control_set_merge or merge_equivalent_drivers
** Run report_qor_suggestions for automated merging and remapping suggestions


2. Histogram
------------

+--------------------+-------+
|       Fanout       | Count |
+--------------------+-------+
| Total control sets |    70 |
| >= 0 to < 4        |    40 |
| >= 4 to < 6        |    13 |
| >= 6 to < 8        |     2 |
| >= 8 to < 10       |     2 |
| >= 10 to < 12      |     4 |
| >= 12 to < 14      |     1 |
| >= 14 to < 16      |     0 |
| >= 16              |     8 |
+--------------------+-------+
* Control sets can be remapped at either synth_design or opt_design


3. Flip-Flop Distribution
-------------------------

+--------------+-----------------------+------------------------+-----------------+--------------+
| Clock Enable | Synchronous Set/Reset | Asynchronous Set/Reset | Total Registers | Total Slices |
+--------------+-----------------------+------------------------+-----------------+--------------+
| No           | No                    | No                     |             161 |           96 |
| No           | No                    | Yes                    |              54 |           15 |
| No           | Yes                   | No                     |              98 |           74 |
| Yes          | No                    | No                     |              24 |            8 |
| Yes          | No                    | Yes                    |              74 |           37 |
| Yes          | Yes                   | No                     |             154 |           49 |
+--------------+-----------------------+------------------------+-----------------+--------------+


4. Detailed Control Set Information
-----------------------------------

+-----------------------------------------------------------------------+----------------------------------------------------------+------------------------------------------------------------------+------------------+----------------+--------------+
|                              Clock Signal                             |                       Enable Signal                      |                         Set/Reset Signal                         | Slice Load Count | Bel Load Count | Bels / Slice |
+-----------------------------------------------------------------------+----------------------------------------------------------+------------------------------------------------------------------+------------------+----------------+--------------+
|  vg/bg/italian_ctrl/italian_rom_inst/color_data_reg[11]_i_2__0_n_0    |                                                          | vg/q3/rom_i/AS[3]                                                |                1 |              1 |         1.00 |
|  vg/bg/lebron_ctrl/lebron_rom_inst/color_data_reg[1]_i_2__3_n_0       |                                                          | vg/bg/lebron_ctrl/lebron_rom_inst/color_data_reg[1]_i_3__3_n_0   |                1 |              1 |         1.00 |
|  vg/bg/roblox_ctrl/roblox_rom_inst/color_data_reg[2]_i_2__2_n_0       |                                                          | vg/bg/roblox_ctrl/roblox_rom_inst/color_data1399_out             |                1 |              1 |         1.00 |
|  vg/bg/italian_ctrl/italian_rom_inst/color_data_reg[8]_i_2__0_n_0     |                                                          | vg/q3/rom_i/AR[1]                                                |                1 |              1 |         1.00 |
|  vg/bg/mc/steve_rom_inst/color_data_reg[7]_i_2_n_0                    |                                                          | vg/bg/mc/steve_rom_inst/color_data_reg[7]_i_3_n_0                |                1 |              1 |         1.00 |
|  vg/bg/kanye_ctrl/kanye_rom_inst/color_data_reg[0]_i_2__4_n_0         |                                                          | vg/bg/kanye_ctrl/kanye_rom_inst/color_data_reg[0]_i_3__4_n_0     |                1 |              1 |         1.00 |
|  vg/bg/roblox_ctrl/roblox_rom_inst/color_data_reg[10]_i_2__3_n_0      |                                                          | vg/bg/roblox_ctrl/roblox_rom_inst/color_data_reg[1]_i_2__2_n_0   |                1 |              1 |         1.00 |
|  vg/bg/kanye_ctrl/kanye_rom_inst/color_data_reg[2]_i_2__4_n_0         |                                                          | vg/bg/kanye_ctrl/kanye_rom_inst/color_data_reg[2]_i_3__4_n_0     |                1 |              1 |         1.00 |
|  vg/q3/rom_i/E[1]                                                     |                                                          | vg/q3/rom_i/row_reg_reg[3]_1[2]                                  |                1 |              1 |         1.00 |
|  vg/bg/dc/pulse                                                       |                                                          |                                                                  |                1 |              1 |         1.00 |
|  vg/bg/dc/clk                                                         |                                                          |                                                                  |                1 |              1 |         1.00 |
|  vg/bg/italian_ctrl/italian_rom_inst/E[0]                             |                                                          | vg/q3/rom_i/row_reg_reg[3]_1[5]                                  |                1 |              1 |         1.00 |
|  vg/bg/roblox_ctrl/roblox_rom_inst/color_data_reg[2]_i_2__2_n_0       |                                                          | vg/bg/roblox_ctrl/roblox_rom_inst/color_data_reg[2]_i_3__2_n_0   |                1 |              1 |         1.00 |
|  vg/bg/roblox_ctrl/roblox_rom_inst/color_data_reg[4]_i_2__2_n_0       |                                                          | vg/bg/roblox_ctrl/roblox_rom_inst/color_data_reg[4]_i_3__2_n_0   |                1 |              1 |         1.00 |
|  vg/q3/rom_i/E[0]                                                     |                                                          | vg/q3/rom_i/row_reg_reg[3]_1[1]                                  |                1 |              1 |         1.00 |
|  vg/bg/gandhi_ctrl/gandhi_down_rom_inst/E[1]                          |                                                          | vg/bg/gandhi_ctrl/gandhi_down_rom_inst/AS[2]                     |                1 |              1 |         1.00 |
|  vg/bg/gandhi_ctrl/gandhi_down_rom_inst/E[0]                          |                                                          | vg/bg/gandhi_ctrl/gandhi_down_rom_inst/AS[0]                     |                1 |              1 |         1.00 |
|  vg/bg/gandhi_ctrl/gandhi_down_rom_inst/E[0]                          |                                                          | vg/bg/gandhi_ctrl/gandhi_down_rom_inst/AS[1]                     |                1 |              1 |         1.00 |
|  vg/bg/gandhi_ctrl/gandhi_down_rom_inst/E[2]                          |                                                          | vg/bg/gandhi_ctrl/gandhi_down_rom_inst/AS[3]                     |                1 |              1 |         1.00 |
|  vg/bg/kanye_ctrl/kanye_rom_inst/color_data_reg[6]_i_2__4_n_0         |                                                          | vg/bg/kanye_ctrl/kanye_rom_inst/color_data_reg[6]_i_3__4_n_0     |                1 |              1 |         1.00 |
|  vg/bg/italian_ctrl/italian_rom_inst/color_data_reg[9]_i_2__0_n_0     |                                                          | vg/q3/rom_i/AS[1]                                                |                1 |              1 |         1.00 |
|  vg/bg/mc/steve_rom_inst/color_data_reg[3]_i_2_n_0                    |                                                          | vg/bg/mc/steve_rom_inst/color_data_reg[3]_i_3_n_0                |                1 |              1 |         1.00 |
|  vg/bg/mc/steve_rom_inst/color_data_reg[4]_i_2_n_0                    |                                                          | vg/bg/mc/steve_rom_inst/color_data_reg[4]_i_3_n_0                |                1 |              1 |         1.00 |
|  vg/bg/italian_ctrl/italian_rom_inst/color_data_reg[7]_i_2__0_n_0     |                                                          | vg/q3/rom_i/AR[0]                                                |                1 |              1 |         1.00 |
|  vg/bg/italian_ctrl/italian_rom_inst/color_data_reg[10]_i_2__0_n_0    |                                                          | vg/q3/rom_i/AS[2]                                                |                1 |              1 |         1.00 |
|  vg/bg/italian_ctrl/italian_rom_inst/color_data_reg[5]_i_2__0_n_0     |                                                          | vg/bg/italian_ctrl/italian_rom_inst/color_data1486_out           |                1 |              2 |         2.00 |
|  vg/q3/rom_i/E[2]                                                     |                                                          | vg/q3/rom_i/row_reg_reg[3]_1[0]                                  |                1 |              2 |         2.00 |
|  vg/bg/move_clk                                                       |                                                          |                                                                  |                2 |              2 |         1.00 |
|  vg/bg/italian_ctrl/italian_rom_inst/color_data_reg[1]_i_2__0_n_0     |                                                          | vg/bg/italian_ctrl/italian_rom_inst/color_data_reg[1]_i_3__0_n_0 |                1 |              2 |         2.00 |
|  vg/bg/roblox_ctrl/roblox_rom_inst/color_data_reg[10]_i_2__3_n_0      |                                                          | vg/bg/roblox_ctrl/roblox_rom_inst/color_data_reg[9]_i_2__3_n_0   |                2 |              2 |         1.00 |
|  vg/bg/roblox_ctrl/roblox_rom_inst/color_data_reg[11]_i_2__3_n_0      |                                                          | vg/bg/roblox_ctrl/roblox_rom_inst/color_data_reg[11]_i_3__3_n_0  |                1 |              2 |         2.00 |
|  vg/bg/roblox_ctrl/roblox_rom_inst/color_data_reg[10]_i_2__3_n_0      |                                                          | vg/bg/roblox_ctrl/roblox_rom_inst/color_data_reg[8]_i_2__3_n_0   |                2 |              2 |         1.00 |
|  vg/bg/roblox_ctrl/roblox_rom_inst/color_data_reg[10]_i_2__3_n_0      |                                                          | vg/bg/roblox_ctrl/roblox_rom_inst/color_data_reg[10]_i_3__3_n_0  |                2 |              2 |         1.00 |
|  vg/bg/mc/steve_rom_inst/color_data_reg[6]_i_2_n_0                    |                                                          | vg/bg/mc/steve_rom_inst/color_data_reg[6]_i_3_n_0                |                1 |              2 |         2.00 |
|  vg/bg/lebron_ctrl/lebron_rom_inst/color_data_reg[11]_i_2__4_n_0      |                                                          | vg/bg/lebron_ctrl/lebron_rom_inst/color_data_reg[5]_i_2__3_n_0   |                2 |              2 |         1.00 |
|  vg/q3/rom_i/E[4]                                                     |                                                          | vg/q3/rom_i/row_reg_reg[3]_1[4]                                  |                2 |              2 |         1.00 |
|  vg/bg/kanye_ctrl/kanye_rom_inst/color_data_reg[10]_i_2__5_n_0        |                                                          | vg/bg/kanye_ctrl/kanye_rom_inst/color_data_reg[10]_i_3__5_n_0    |                2 |              2 |         1.00 |
|  vg/bg/kanye_ctrl/kanye_rom_inst/color_data_reg[11]_i_2__5_n_0        |                                                          | vg/bg/kanye_ctrl/kanye_rom_inst/color_data_reg[11]_i_3__5_n_0    |                1 |              3 |         3.00 |
|  vg/bg/italian_ctrl/italian_rom_inst/color_data_reg[6]_i_2__0_n_0     |                                                          | vg/q3/rom_i/AS[0]                                                |                1 |              3 |         3.00 |
|  vg/bg/lebron_ctrl/lebron_rom_inst/color_data_reg[11]_i_2__4_n_0      |                                                          | vg/bg/lebron_ctrl/lebron_rom_inst/color_data_reg[9]_i_2__4_n_0   |                3 |              3 |         1.00 |
|  BUFGP1/O                                                             | ee354_debouncer_2/FSM_sequential_state_reg[3]_i_1__0_n_0 | Reset_IBUF                                                       |                2 |              4 |         2.00 |
|  BUFGP1/O                                                             | ee354_debouncer_4/MCEN_count[3]_i_1__2_n_0               |                                                                  |                1 |              4 |         4.00 |
|  BUFGP1/O                                                             | ee354_debouncer_4/FSM_sequential_state_reg[3]_i_1__1_n_0 | Reset_IBUF                                                       |                2 |              4 |         2.00 |
|  BUFGP1/O                                                             | ee354_debouncer_5/FSM_sequential_state[3]_i_1__0_n_0     | Reset_IBUF                                                       |                2 |              4 |         2.00 |
|  BUFGP1/O                                                             | ee354_debouncer_5/MCEN_count[3]_i_1__3_n_0               |                                                                  |                1 |              4 |         4.00 |
|  BUFGP1/O                                                             | fpsr/quiz_cnt[3]_i_1_n_0                                 | Reset_IBUF                                                       |                2 |              4 |         2.00 |
|  vg/bg/kanye_ctrl/kanye_rom_inst/color_data_reg[9]_i_2__5_n_0         |                                                          | vg/bg/kanye_ctrl/kanye_rom_inst/color_data1663_out               |                4 |              4 |         1.00 |
|  BUFGP1/O                                                             | ee354_debouncer_3/MCEN_count[3]_i_2__3_n_0               | ee354_debouncer_3/MCEN_count[3]_i_1_n_0                          |                1 |              4 |         4.00 |
|  BUFGP1/O                                                             | ee354_debouncer_3/FSM_sequential_state[3]_i_1_n_0        | Reset_IBUF                                                       |                2 |              4 |         2.00 |
|  BUFGP1/O                                                             | ee354_debouncer_2/MCEN_count[3]_i_1__1_n_0               |                                                                  |                1 |              4 |         4.00 |
|  BUFGP1/O                                                             | ee354_debouncer_1/MCEN_count[3]_i_1__0_n_0               |                                                                  |                1 |              4 |         4.00 |
|  BUFGP1/O                                                             | ee354_debouncer_1/FSM_sequential_state_reg[3]_i_1_n_0    | Reset_IBUF                                                       |                2 |              4 |         2.00 |
|  vg/q3/rom_i/E[3]                                                     |                                                          | vg/q3/rom_i/row_reg_reg[3]_1[3]                                  |                2 |              5 |         2.50 |
|  vg/bg/lebron_ctrl/lebron_rom_inst/color_data_reg[11]_i_2__4_n_0      |                                                          | vg/bg/lebron_ctrl/lebron_rom_inst/color_data1183_out             |                6 |              6 |         1.00 |
|  vg/bg/mc/steve_rom_inst/color_data_reg[11]_i_2_n_0                   |                                                          | vg/bg/mc/steve_rom_inst/color_data_reg[11]_i_3_n_0               |                3 |              7 |         2.33 |
|  clk                                                                  | fpsr/E[0]                                                | fpsr/AR[0]                                                       |                2 |              8 |         4.00 |
|  BUFGP1/O                                                             | fpsr/min_max[7]_i_1_n_0                                  |                                                                  |                4 |              8 |         2.00 |
|  vg/bg/move_clk                                                       | vg/bg/mc/ypos                                            | Reset_IBUF                                                       |                4 |             10 |         2.50 |
|  vg/bg/move_clk                                                       | vg/bg/mc/xpos_reg[9]_i_1_n_0                             | Reset_IBUF                                                       |                4 |             10 |         2.50 |
|  vg/bg/dc/clk                                                         |                                                          | vg/bg/dc/hCount[9]_i_1_n_0                                       |                7 |             10 |         1.43 |
|  vg/bg/dc/clk                                                         | vg/bg/dc/hCount[9]_i_1_n_0                               | vg/bg/dc/vCount[9]_i_1_n_0                                       |                8 |             10 |         1.25 |
|  vg/bg/gandhi_ctrl/gandhi_down_rom_inst/i_/color_data_reg[11]_i_2_n_0 |                                                          | vg/bg/gandhi_ctrl/gandhi_down_rom_inst/color_data0               |                7 |             12 |         1.71 |
|  BUFGP1/O                                                             | fpsr/state[21]_i_1_n_0                                   | Reset_IBUF                                                       |               15 |             22 |         1.47 |
|  BUFGP1/O                                                             | ee354_debouncer_4/debounce_count                         | ee354_debouncer_4/debounce_count[27]_i_1__2_n_0                  |                8 |             28 |         3.50 |
|  BUFGP1/O                                                             | ee354_debouncer_3/debounce_count                         | ee354_debouncer_3/debounce_count[27]_i_1__1_n_0                  |                8 |             28 |         3.50 |
|  BUFGP1/O                                                             | ee354_debouncer_2/debounce_count                         | ee354_debouncer_2/debounce_count[27]_i_1__0_n_0                  |                8 |             28 |         3.50 |
|  BUFGP1/O                                                             | ee354_debouncer_1/debounce_count                         | ee354_debouncer_1/debounce_count[27]_i_1_n_0                     |                8 |             28 |         3.50 |
|  BUFGP1/O                                                             | ee354_debouncer_5/debounce_count                         | ee354_debouncer_5/debounce_count[27]_i_1__3_n_0                  |                8 |             28 |         3.50 |
|  BUFGP1/O                                                             |                                                          | Reset_IBUF                                                       |               15 |             54 |         3.60 |
|  BUFGP1/O                                                             |                                                          |                                                                  |               92 |            157 |         1.71 |
+-----------------------------------------------------------------------+----------------------------------------------------------+------------------------------------------------------------------+------------------+----------------+--------------+


